src/components/Navbar.tsx(13,11): error TS2339: Property 'loading' does not exist on type 'GeneratorCtxValue'.
